[www.pulse.vn/index.html]
[backblue.gif]
[fade.gif]
[index.html]
[www.pulse.vn/wp-includes/css/dist/block-library/style.mincfaa.css]
[s.w.org/index.html]
[www.pulse.vn/feed/index.html]
[www.pulse.vn/wp-content/plugins/contact-form-7/includes/css/stylesbb49.css]
[www.pulse.vn/wp-content/plugins/mega-addons-for-visual-composer/css/ihovercfaa.css]
[www.pulse.vn/wp-content/plugins/mega-addons-for-visual-composer/css/stylecfaa.css]
[www.pulse.vn/wp-content/plugins/mega-addons-for-visual-composer/css/font-awesome/css/allcfaa.css]
[www.pulse.vn/wp-content/plugins/themes1-united-core/plugins/magnific-popup/css/magnific-popupcfaa.css]
[www.pulse.vn/wp-content/plugins/js_composer/assets/lib/bower/font-awesome/css/font-awesome.min8b06.css]
[www.pulse.vn/wp-content/plugins/tm-timeline/css/tm-timelinec64e.css]
[www.pulse.vn/wp-content/themes/united/css/bootstrap/bootstrapcfaa.css]
[www.pulse.vn/wp-content/themes/united/css/bootstrap-select/bootstrap-selectcfaa.css]
[www.pulse.vn/wp-content/plugins/themes1-united-core/plugins/owl-carousel/css/owl-themecfaa.css]
[www.pulse.vn/wp-content/themes/united/css/pe-icon-7-stroke/css/pe-icon-7-strokecfaa.css]
[www.pulse.vn/wp-content/themes/united/core/includes/fontawesome/css/font-awesome.mincfaa.css]
[www.pulse.vn/wp-content/themes/united/core/includes/simple/simple-line-iconscfaa.css]
[www.pulse.vn/wp-content/themes/united/css/stylecfaa.css]
[www.pulse.vn/wp-content/themes/united/css/style-responsivecfaa.css]
[www.pulse.vn/wp-content/plugins/js_composer/assets/css/js_composer.min8b06.css]
[www.pulse.vn/wp-content/plugins/master-slider/public/assets/css/masterslider.maina3dd.css]
[www.pulse.vn/wp-content/uploads/master-slider/custom4e44.css]
[www.pulse.vn/wp-content/plugins/smart-slider-3/Public/SmartSlider3/Application/Frontend/Assets/dist/smartslider.min0a14.css]
[www.pulse.vn/wp-includes/js/jquery/jquery.min9d52.js]
[www.pulse.vn/wp-includes/js/jquery/jquery-migrate.mind617.js]
[www.pulse.vn/wp-json/wp/v2/pages/37.json]
[www.pulse.vn/xmlrpc0db0.php]
[www.pulse.vn/wp-json/index.html]
[www.pulse.vn/wp-includes/wlwmanifest.xml]
[www.pulse.vn/wp-json/oembed/1.0/embedd3e8.json]
[www.pulse.vn/wp-json/oembed/1.0/embed3b75]
[www.pulse.vn/wp-content/uploads/2020/10/cropped-Pulse-Active-512-32x32.png]
[www.pulse.vn/wp-content/uploads/2020/10/cropped-Pulse-Active-512-192x192.png]
[www.pulse.vn/wp-content/uploads/2020/10/cropped-Pulse-Active-512-180x180.png]
[www.pulse.vn/wp-content/plugins/smart-slider-3/Public/SmartSlider3/Application/Frontend/Assets/dist/n2.min0a14.js]
[www.pulse.vn/wp-content/plugins/smart-slider-3/Public/SmartSlider3/Application/Frontend/Assets/dist/smartslider-frontend.min0a14.js]
[www.pulse.vn/wp-content/plugins/smart-slider-3/Public/SmartSlider3/Slider/SliderType/Simple/Assets/dist/smartslider-simple-type-frontend.min0a14.js]
[www.pulse.vn/wp-content/plugins/smart-slider-3/Public/SmartSlider3/Application/Frontend/Assets/dist/nextend-webfontloader.min0a14.js]
[www.pulse.vn/about/index.html]
[www.pulse.vn/case-study/index.html]
[www.pulse.vn/services/index.html]
[www.pulse.vn/events/index.html]
[www.pulse.vn/positive/index.html]
[www.pulse.vn/partnership/index.html]
[www.pulse.vn/jobs/index.html]
[www.pulse.vn/artists/index.html]
[www.pulse.vn/wp-content/uploads/2018/09/logo-pulseactive2.png]
[www.pulse.vn/2021/index.html]
[www.pulse.vn/2018/index.html]
[www.pulse.vn/2019/index.html]
[www.pulse.vn/2020/index.html]
[www.pulse.vn/contact-us/index.html]
[www.pulse.vn/wp-content/uploads/2019/05/Captura-de-pantalla-2019-05-27-a-las-16.47.13.png]
[www.pulse.vn/wp-content/uploads/2018/10/1a.jpg]
[www.pulse.vn/wp-content/uploads/2018/10/2a.jpg]
[www.pulse.vn/wp-content/uploads/2019/11/ldf-.jpg]
[www.pulse.vn/wp-content/uploads/2018/09/1-1.jpg]
[www.pulse.vn/wp-content/uploads/2018/09/2.jpg]
[www.pulse.vn/wp-content/uploads/2018/09/A71E70C9-1332-4A7A-B006-8D521523DCCD.jpg]
[www.pulse.vn/wp-content/uploads/2018/09/bg6.jpg]
[www.pulse.vn/wp-content/uploads/2021/08/205394126_1615014368700378_2128595556665925620_n.jpg]
[www.pulse.vn/wp-content/uploads/2021/08/HEADBANNER-1024x259-2.png]
[www.pulse.vn/salonpas-hcmc-marathon-is-now-back-and-available-for-registration/index.html]
[www.pulse.vn/salonpas-japanese-pharmaceutical-brand-becomes-title-sponsor-of-hcmc-marathon-for-the-next-3-years-2021-2023-2/index.html]
[www.pulse.vn/wp-content/uploads/2020/01/Asiatri1.jpg]
[www.pulse.vn/wp-content/uploads/2020/05/hcmc-award-1.jpg]
[www.pulse.vn/ippgroup-challenge-vietnam-won-the-best-overall-race-long-course-by-asiatri/index.html]
[www.pulse.vn/wp-content/uploads/2019/09/AW11.jpg]
[www.pulse.vn/wp-content/uploads/2019/09/AW10.jpg]
[www.pulse.vn/wp-content/uploads/2019/09/AW1.jpg]
[www.pulse.vn/wp-content/uploads/2019/09/AW9.jpg]
[www.pulse.vn/wp-content/uploads/2019/09/AW8.jpg]
[www.pulse.vn/wp-content/uploads/2019/09/AW7.jpg]
[www.pulse.vn/wp-content/uploads/2019/09/AW6.jpg]
[www.pulse.vn/wp-content/uploads/2019/09/AW5.jpg]
[www.pulse.vn/wp-content/uploads/2019/09/AW4.jpg]
[www.pulse.vn/wp-content/uploads/2019/09/AW3.jpg]
[www.pulse.vn/wp-content/uploads/2019/12/KH-certificate.jpg]
[www.pulse.vn/wp-content/uploads/2018/09/nike-vietnam-2.jpg]
[www.pulse.vn/wp-content/uploads/2018/09/la-viet-vietnam-2.jpg]
[www.pulse.vn/wp-content/uploads/2018/09/samsung-vietnam-2.png]
[www.pulse.vn/wp-content/uploads/2018/09/lazada-vietnam-2.jpg]
[www.pulse.vn/wp-content/uploads/2018/09/mercedez-vietnam-2.jpg]
[www.pulse.vn/wp-content/uploads/2018/09/jlt-vietnam-2.jpg]
[www.pulse.vn/wp-content/uploads/2018/09/acc-2-1.jpg]
[www.pulse.vn/wp-content/uploads/2018/09/grab-vietnam-2.jpg]
[www.pulse.vn/wp-content/uploads/2018/09/uber-vietnam-2.png]
[www.pulse.vn/wp-content/uploads/2018/09/burger-king-vietnam-2.jpg]
[www.pulse.vn/wp-content/uploads/2018/09/dominos-vietnam-2.jpg]
[www.pulse.vn/wp-content/uploads/2018/09/dunkin-donuts-vietnam-2.jpg]
[www.pulse.vn/wp-content/uploads/2018/09/gong-cha-vietnam-2.jpg]
[www.pulse.vn/wp-content/uploads/2018/09/pocari-vietnam-2.jpg]
[www.pulse.vn/wp-content/uploads/2018/09/popeyes-vietnam-2.jpg]
[www.pulse.vn/wp-content/uploads/2018/09/rmit-vietnam-2.jpg]
[www.pulse.vn/wp-content/uploads/2018/09/vietnam-airlines-v2.jpg]
[www.pulse.vn/wp-content/uploads/2018/09/california-vietnam-2.png]
[www.pulse.vn/wp-content/plugins/js_composer/assets/lib/vc_carousel/css/vc_carousel.min8b06.css]
[www.pulse.vn/wp-content/plugins/js_composer/assets/lib/prettyphoto/css/prettyPhoto.min8b06.css]
[www.pulse.vn/wp-content/plugins/js_composer/assets/lib/bower/animate-css/animate.min8b06.css]
[www.pulse.vn/wp-content/plugins/contact-form-7/includes/js/scriptsbb49.js]
[www.pulse.vn/wp-content/plugins/themes1-united-core/slider/_frontend5152.js]
[www.pulse.vn/wp-includes/js/imagesloaded.mineda1.js]
[www.pulse.vn/wp-content/plugins/themes1-united-core/slider/js/jquery.sliderPro.min5152.js]
[www.pulse.vn/wp-content/plugins/themes1-united-core/plugins/magnific-popup/js/jquery.magnific-popup.min5152.js]
[www.pulse.vn/wp-content/plugins/themes1-united-core/plugins/tilthovereffects/anime.min5152.js]
[www.pulse.vn/wp-content/plugins/themes1-united-core/plugins/revealer/js/scrollMonitor5152.js]
[www.pulse.vn/wp-content/plugins/themes1-united-core/plugins/revealer/js/main5152.js]
[www.pulse.vn/wp-content/plugins/themes1-united-core/plugins/tilthovereffects/main5152.js]
[www.pulse.vn/wp-content/plugins/themes1-united-core/plugins/scrollreveal/js/scrollreveal.min5152.js]
[www.pulse.vn/wp-content/plugins/themes1-united-core/plugins/isotope/js/isotope.pkgd.min5152.js]
[www.pulse.vn/wp-content/plugins/js_composer/assets/lib/waypoints/waypoints.min8b06.js]
[www.pulse.vn/wp-content/plugins/themes1-united-core/plugins/typed5152.js]
[www.pulse.vn/wp-content/plugins/themes1-united-core/plugins/main-functions5152.js]
[www.pulse.vn/wp-includes/js/comment-reply.mincfaa.js]
[www.pulse.vn/wp-includes/js/jquery/ui/core.min35d0.js]
[www.pulse.vn/wp-includes/js/jquery/ui/accordion.min35d0.js]
[www.pulse.vn/wp-includes/js/jquery/ui/tabs.min35d0.js]
[www.pulse.vn/wp-content/themes/united/js/header5152.js]
[www.pulse.vn/wp-content/themes/united/js/bootstrap/bootstrap5152.js]
[www.pulse.vn/wp-content/plugins/themes1-united-core/plugins/owl-carousel/js/owl.carousel5152.js]
[www.pulse.vn/wp-content/themes/united/js/bootstrap-select/bootstrap-select5152.js]
[www.pulse.vn/wp-content/themes/united/js/functions5152.js]
[www.pulse.vn/wp-includes/js/wp-embed.mincfaa.js]
[www.pulse.vn/wp-content/plugins/js_composer/assets/js/dist/js_composer_front.min8b06.js]
[www.pulse.vn/wp-content/plugins/themes1-united-core/plugins/rendro-easy-pie-chart/jquery.easypiechart.min5152.js]
[www.pulse.vn/wp-content/plugins/js_composer/assets/lib/vc_carousel/js/transition.min8b06.js]
[www.pulse.vn/wp-content/plugins/js_composer/assets/lib/vc_carousel/js/vc_carousel.min8b06.js]
[www.pulse.vn/wp-content/plugins/js_composer/assets/lib/prettyphoto/js/jquery.prettyPhoto.min8b06.js]
[www.pulse.vn/index.html]
[www.pulse.vn/xmlrpc.php]
[www.pulse.vn/vi/home-tieng-viet/index.html]
[s.w.org/index.html]
[www.pulse.vn/comments/feed/index.html]
[www.pulse.vn/wp-content/plugins/master-slider/public/assets/css/common/grabbing.html]
[www.pulse.vn/wp-content/plugins/master-slider/public/assets/css/common/grab.html]
[www.pulse.vn/wp-json/wp/v2/pages/236.json]
[www.pulse.vn/wp-json/oembed/1.0/embed6b48.json]
[www.pulse.vn/wp-json/oembed/1.0/embed4d26]
[www.pulse.vn/wp-content/uploads/2018/10/color-me-run-pulse.jpg]
[www.pulse.vn/wp-content/uploads/2018/10/challenge-vietnam-pulse-active.jpg]
[www.pulse.vn/wp-content/uploads/2018/10/dnim-pulse.jpg]
[www.pulse.vn/wp-content/uploads/2018/09/Captura-de-pantalla-2018-09-18-a-las-16.24.01.png]
[www.pulse.vn/wp-content/uploads/2018/09/Captura-de-pantalla-2018-09-18-a-las-16.24.15.png]
[www.pulse.vn/wp-content/uploads/2018/09/Captura-de-pantalla-2018-09-18-a-las-16.24.37.png]
[www.pulse.vn/wp-content/uploads/2018/09/Captura-de-pantalla-2018-09-18-a-las-16.24.48.png]
[www.pulse.vn/wp-content/uploads/2018/09/Captura-de-pantalla-2018-09-18-a-las-16.25.01.png]
[www.pulse.vn/wp-content/uploads/2018/09/Captura-de-pantalla-2018-09-18-a-las-16.25.13.png]
[www.pulse.vn/about/index.html]
[www.pulse.vn/wp-json/wp/v2/pages/198.json]
[www.pulse.vn/wp-json/oembed/1.0/embed4a8c.json]
[www.pulse.vn/wp-json/oembed/1.0/embedb9aa]
[www.pulse.vn/wp-content/uploads/2020/01/67000882_2354818374572637_2068514317711441920_o.jpg]
[www.pulse.vn/wp-content/uploads/2020/01/65141945_1308115252671155_5485111650073706496_o-1.jpg]
[www.pulse.vn/wp-content/uploads/2020/01/74308278_1317203988451098_1164975265898561536_o.jpg]
[www.pulse.vn/wp-content/uploads/2020/01/IMG_1126.jpg]
[www.pulse.vn/wp-content/uploads/2020/01/0F159B7C-808D-4F94-B344-84014FF24A99.jpg]
[www.pulse.vn/wp-content/uploads/2020/01/65611271_1308116172671063_2572644681129132032_o.jpg]
[www.pulse.vn/wp-content/uploads/2020/01/noname.png]
[www.pulse.vn/wp-content/uploads/2020/01/TRU_3588.jpg]
[www.pulse.vn/wp-content/uploads/2018/09/Captura-de-pantalla-2018-09-18-a-las-16.55.53.png]
[www.pulse.vn/services/index.html]
[www.pulse.vn/wp-json/wp/v2/pages/173.json]
[www.pulse.vn/wp-json/oembed/1.0/embedc514.json]
[www.pulse.vn/wp-json/oembed/1.0/embed5aed]
[www.pulse.vn/wp-content/uploads/2018/09/bg7.jpg]
[www.pulse.vn/wp-content/uploads/2018/09/bg3.jpg]
[www.pulse.vn/wp-content/uploads/2018/09/le-fruit-vietnam.jpg]
[www.pulse.vn/wp-content/uploads/2018/09/bg5.jpg]
[www.pulse.vn/wp-content/uploads/2018/09/21765317_431842597210839_1872118384402187842_n.jpg]
[www.pulse.vn/events/index.html]
[www.pulse.vn/wp-json/wp/v2/pages/1260.json]
[www.pulse.vn/wp-json/oembed/1.0/embed59bd.json]
[www.pulse.vn/wp-json/oembed/1.0/embedbaeb]
[www.pulse.vn/wp-content/uploads/2020/06/lavie-653x653.jpg]
[www.pulse.vn/case-study-lavie-color-me-run/index.html]
[www.pulse.vn/wp-content/uploads/2020/06/manulife-1-599x599.jpg]
[www.pulse.vn/wp-content/uploads/2020/06/TEXC-653x653.jpg]
[www.pulse.vn/case-study-manulife-danang-international-marathon/index.html]
[www.pulse.vn/case-study/index.html]
[www.pulse.vn/wp-json/wp/v2/pages/496.json]
[www.pulse.vn/case-study-hcmc-marathon-powered-by-taiwan-excellence/index.html]
[www.pulse.vn/wp-json/oembed/1.0/embed7df9.json]
[www.pulse.vn/wp-json/oembed/1.0/embedd355]
[www.pulse.vn/wp-content/uploads/2019/09/maggie-lindemann.jpg]
[www.pulse.vn/wp-content/uploads/2019/09/NCT-Dream.jpg]
[www.pulse.vn/wp-content/uploads/2019/09/arianagrande.jpg]
[www.pulse.vn/wp-content/uploads/2019/09/DJHoaprox.jpg]
[www.pulse.vn/wp-content/uploads/2019/09/justatee.jpg]
[www.pulse.vn/wp-content/uploads/2019/09/chillies.jpg]
[www.pulse.vn/wp-content/uploads/2019/09/Touliver.jpg]
[www.pulse.vn/wp-content/uploads/2019/09/erik.jpg]
[www.pulse.vn/wp-content/uploads/2019/09/dalab.jpg]
[www.pulse.vn/wp-content/uploads/2019/04/i03_32260903_1004575573025126_889995765798141952_n.jpg]
[www.pulse.vn/wp-content/uploads/2019/04/i14_lil-jon.jpg]
[www.pulse.vn/wp-content/uploads/2019/04/i05_A12L7td6VYL._CR0038402880_._SL1000_.jpg]
[www.pulse.vn/wp-content/uploads/2019/04/i16_masew.jpg]
[www.pulse.vn/wp-content/uploads/2019/04/i09_den.jpg]
[www.pulse.vn/wp-content/uploads/2019/04/i11_F-band.jpg]
[www.pulse.vn/wp-content/uploads/2019/04/i27_Uyen-Linh.jpg]
[www.pulse.vn/wp-content/uploads/2019/04/i24_Soobin-Hoang-Son.jpg]
[www.pulse.vn/wp-content/uploads/2019/04/i28_Vicky-Nhung.jpg]
[www.pulse.vn/wp-content/uploads/2019/04/i10_DJ-Nimbia.jpg]
[www.pulse.vn/wp-content/uploads/2019/04/i02_9041d3e142b2c92c8f5932219ee40118_1512803017.jpg]
[www.pulse.vn/wp-content/uploads/2019/04/i26_trung-quan-idol2.jpg]
[www.pulse.vn/wp-content/uploads/2019/04/i19_phatbeatz.jpg]
[www.pulse.vn/wp-content/uploads/2019/04/i29_Vu-Cat-Tuong.jpg]
[www.pulse.vn/wp-content/uploads/2019/04/i25_suboi.jpg]
[www.pulse.vn/wp-content/uploads/2019/04/i06_ace-2.jpg]
[www.pulse.vn/wp-content/uploads/2019/04/i12_file.png]
[www.pulse.vn/wp-content/uploads/2019/04/i15_Manfred-Lim-Liang-Jun2.jpg]
[www.pulse.vn/wp-content/uploads/2019/04/i07_AFISHAL-Head-Shot.png]
[www.pulse.vn/wp-content/uploads/2019/04/i13_Haywyre.jpg]
[www.pulse.vn/wp-content/uploads/2019/04/i01_1_3jtr2abcfvi3nb6wodecx.jpg]
[www.pulse.vn/wp-content/uploads/2019/04/i04_18982332579_fd3443e21c.jpg]
[www.pulse.vn/wp-content/uploads/2019/04/i22_Sam-Tsui-ppcorn-760x500.jpg]
[www.pulse.vn/wp-content/uploads/2019/04/i21_rs_1024x707-140906072054-1024.Simone-Battle-G.R.L.jl_.090614.jpg]
[www.pulse.vn/wp-content/uploads/2019/04/i23_ski4eoegqp3tp3yrwqjl.jpg]
[www.pulse.vn/wp-content/uploads/2018/09/Captura-de-pantalla-2018-09-24-a-las-19.22.53.jpg]
[www.pulse.vn/wp-content/uploads/2018/09/Captura-de-pantalla-2018-09-24-a-las-20.00.22.jpg]
[www.pulse.vn/wp-content/uploads/2018/09/Captura-de-pantalla-2018-09-24-a-las-20.03.30.jpg]
[www.pulse.vn/wp-content/uploads/2018/09/Captura-de-pantalla-2018-09-24-a-las-19.24.33.jpg]
[www.pulse.vn/wp-content/uploads/2018/09/Captura-de-pantalla-2018-09-24-a-las-19.26.58.png]
[www.pulse.vn/wp-content/uploads/2018/09/Captura-de-pantalla-2018-09-24-a-las-19.27.30.jpg]
[www.pulse.vn/wp-content/uploads/2018/09/Captura-de-pantalla-2018-09-24-a-las-19.28.29.jpg]
[www.pulse.vn/wp-content/uploads/2018/09/Captura-de-pantalla-2018-09-24-a-las-19.23.19.jpg]
[www.pulse.vn/wp-content/uploads/2018/09/Captura-de-pantalla-2018-09-24-a-las-19.26.18.jpg]
[www.pulse.vn/wp-content/uploads/2018/09/Captura-de-pantalla-2018-09-24-a-las-19.25.06.jpg]
[www.pulse.vn/artists/index.html]
[www.pulse.vn/wp-json/wp/v2/pages/1439.json]
[www.pulse.vn/wp-json/oembed/1.0/embed7416.json]
[www.pulse.vn/wp-json/oembed/1.0/embedc31b]
[www.pulse.vn/wp-content/uploads/2020/07/POsitive.jpg]
[www.pulse.vn/wp-content/uploads/2020/07/orphan10.jpg]
[www.pulse.vn/wp-content/uploads/2020/07/orphan302.jpg]
[www.pulse.vn/wp-content/uploads/2020/07/orphan5.jpg]
[www.pulse.vn/wp-content/uploads/2020/07/orphan6.jpg]
[www.pulse.vn/wp-content/uploads/2020/07/elite-orphans-running-club.png]
[www.pulse.vn/positive/index.html]
[www.pulse.vn/wp-json/wp/v2/pages/358.json]
[www.pulse.vn/wp-json/oembed/1.0/embed6dd9.json]
[www.pulse.vn/wp-json/oembed/1.0/embed0457]
[www.pulse.vn/wp-content/uploads/2018/10/26758028_746638042204686_7812643934679272754_o-1.jpg]
[www.pulse.vn/wp-content/uploads/2018/10/32403466_1005855396230477_718683036622782464_n-1.jpg]
[www.pulse.vn/wp-content/plugins/js_composer/assets/lib/owl-carousel2-dist/assets/owl.min8b06.css]
[www.pulse.vn/wp-content/plugins/js_composer/assets/lib/bower/masonry/dist/masonry.pkgd.min8b06.js]
[www.pulse.vn/wp-content/plugins/js_composer/assets/lib/owl-carousel2-dist/owl.carousel.min8b06.js]
[www.pulse.vn/wp-content/plugins/js_composer/assets/lib/bower/imagesloaded/imagesloaded.pkgd.mincfaa.js]
[www.pulse.vn/wp-includes/js/underscore.min4511.js]
[www.pulse.vn/wp-content/plugins/js_composer/assets/js/dist/vc_grid.min8b06.js]
[www.pulse.vn/wp-content/plugins/js_composer/assets/lib/bower/skrollr/dist/skrollr.min8b06.js]
[www.pulse.vn/partnership/index.html]
[www.pulse.vn/wp-json/wp/v2/pages/360.json]
[www.pulse.vn/wp-json/oembed/1.0/embed510d.json]
[www.pulse.vn/wp-json/oembed/1.0/embed43d2]
[www.pulse.vn/wp-content/uploads/2018/10/4b.jpg]
[www.pulse.vn/wp-content/uploads/2018/10/4a.jpg]
[www.pulse.vn/wp-content/uploads/2018/10/4c.jpg]
[www.pulse.vn/wp-content/uploads/2021/12/JD_Event-Manager.pdf]
[www.pulse.vn/wp-content/uploads/2021/07/JD-Senior-Event-Planner.pdf]
[www.pulse.vn/wp-content/uploads/2021/03/JD_Senior-MKT.pdf]
[www.pulse.vn/jobs/index.html]
[www.pulse.vn/wp-content/uploads/2018/09/cmr-phil-bady-c.png]
[www.pulse.vn/wp-content/uploads/2017/06/startline2.jpg]
[www.pulse.vn/wp-content/uploads/2018/08/HCMC-Bk-award-2.png]
[www.pulse.vn/color-me-run-how-did-it-start/index.html]
[www.pulse.vn/2018/index.html]
[www.pulse.vn/hcmc-marathon-january-2019/index.html]
[www.pulse.vn/wp-content/uploads/2019/12/cvn.jpg]
[www.pulse.vn/tiep-noi-truyen-thong-cua-marathon-tp-ho-chi-minh-lan-thu-vi-2019/index.html]
[www.pulse.vn/wp-content/uploads/2019/09/NCT-hình-nền.jpg]
[www.pulse.vn/wp-content/uploads/2019/10/ART3-IP.jpg]
[www.pulse.vn/2019-national-tourism-year-ends-with-flying-colours/index.html]
[www.pulse.vn/wp-content/uploads/2019/10/ART2-FI.jpg]
[www.pulse.vn/pulse-active-brings-the-first-of-more-to-come-k-pop-concerts-of-lotte-duty-free-sm-entertainment/index.html]
[www.pulse.vn/wp-content/uploads/2019/10/ART1-FI.jpg]
[www.pulse.vn/nhung-nguoi-hung-tham-lang-tao-nen-su-thanh-cong-cua-manulife-danang-international-marathon/index.html]
[www.pulse.vn/2019/index.html]
[www.pulse.vn/wp-content/uploads/2020/10/1-2.jpg]
[www.pulse.vn/tai-sao-ngay-cang-nhieu-cong-ty-ep-nhan-vien-tham-gia-cac-giai-chay/index.html]
[www.pulse.vn/manulife-danang-international-marathon-2019-draws-over-9000-runners/index.html]
[www.pulse.vn/wp-content/uploads/2020/10/1.jpg]
[www.pulse.vn/wp-content/uploads/2020/05/1.jpg]
[www.pulse.vn/chay-ao-cung-manulife-danang-international-marathon-quyen-tien-chong-covid-19/index.html]
[www.pulse.vn/wp-content/uploads/2020/10/1-1-1024x683.jpg]
[www.pulse.vn/giai-marathon-quoc-te-da-nang-2020/index.html]
[www.pulse.vn/wp-content/uploads/2020/02/hcmc1-1024x681.jpg]
[www.pulse.vn/kham-pha-da-nang-qua-chay-bo/index.html]
[www.pulse.vn/2020/index.html]
[www.pulse.vn/wp-content/uploads/2021/08/205394126_1615014368700378_2128595556665925620_n-1024x1024.jpg]
[www.pulse.vn/hcmc-marathon-2020-powered-by-taiwan-excellence-drew-a-new-highlight-to-start-the-new-decade/index.html]
[www.pulse.vn/manulife-danang-international-marathon-to-take-place-in-august/index.html]
[www.pulse.vn/2021/index.html]
[www.pulse.vn/wp-json/wp/v2/pages/21.json]
[www.pulse.vn/wp-json/oembed/1.0/embed9d09.json]
[www.pulse.vn/wp-json/oembed/1.0/embedd8cb]
[www.pulse.vn/contact-us/index.html]
[www.pulse.vn/sponsorship.html]
[www.pulse.vn/wp-json/wp/v2/posts/1742.json]
[www.pulse.vn/wp-json/oembed/1.0/embed64bd.json]
[www.pulse.vn/wp-json/oembed/1.0/embed2258]
[www.pulse.vn/wp-content/uploads/2020/09/053855CA-8F97-4D2B-8E39-C922E5BE8122-300x200.jpg]
[www.pulse.vn/wp-content/uploads/2021/12/Internship-program.pdf]
[www.pulse.vn/category/sports/index.html]
[www.pulse.vn/wp-content/uploads/2020/09/1-300x86.jpg]
[www.pulse.vn/salonpas-japanese-pharmaceutical-brand-becomes-title-sponsor-of-hcmc-marathon-for-the-next-3-years-2021-2023-2/index.html]
[www.pulse.vn/2020/08/index.html]
[www.pulse.vn/2020/06/index.html]
[www.pulse.vn/2021/08/index.html]
[www.pulse.vn/2020/05/index.html]
[www.pulse.vn/wp-json/wp/v2/posts/1734.json]
[www.pulse.vn/2020/01/index.html]
[www.pulse.vn/2020/02/index.html]
[www.pulse.vn/2019/12/index.html]
[www.pulse.vn/2019/08/index.html]
[www.pulse.vn/wp-json/oembed/1.0/embed64d0.json]
[www.pulse.vn/2018/09/index.html]
[www.pulse.vn/2019/06/index.html]
[www.pulse.vn/category/entertainment/index.html]
[www.pulse.vn/2018/08/index.html]
[www.pulse.vn/wp-json/oembed/1.0/embed6017]
[www.pulse.vn/category/international-artists/index.html]
[www.pulse.vn/category/local-artists/index.html]
[www.pulse.vn/category/marathon/index.html]
[www.pulse.vn/category/uncategorized/index.html]
[www.pulse.vn/wp-content/uploads/2021/08/HEADBANNER-1024x259-1-300x76.png]
[www.pulse.vn/salonpas-hcmc-marathon-is-now-back-and-available-for-registration/index.html]
[www.pulse.vn/wp-json/wp/v2/posts/1094.json]
[www.pulse.vn/wp-json/oembed/1.0/embed3822.json]
[www.pulse.vn/wp-json/oembed/1.0/embed16b4]
[www.pulse.vn/wp-content/uploads/2020/01/AsiaTri2.jpg]
[www.pulse.vn/ippgroup-challenge-vietnam-won-the-best-overall-race-long-course-by-asiatri/index.html]
[www.pulse.vn/index0133.html]
[www.pulse.vn/indexd1c3.html]
[fonts.googleapis.com/css13b5.css]
[www.pulse.vn/indexec4a.html]
[www.pulse.vn/indexc78f.html]
[www.pulse.vn/wp-json/wp/v2/pages/1316.json]
[www.pulse.vn/wp-json/oembed/1.0/embed7057.json]
[www.pulse.vn/wp-json/oembed/1.0/embed382f]
[www.pulse.vn/wp-content/uploads/2020/06/CMR1.jpg]
[www.pulse.vn/wp-content/uploads/2020/06/CMR2.jpg]
[www.pulse.vn/case-study-lavie-color-me-run/index.html]
[www.pulse.vn/wp-json/wp/v2/pages/1367.json]
[www.pulse.vn/wp-json/oembed/1.0/embedb0ef.json]
[www.pulse.vn/wp-json/oembed/1.0/embed25a4]
[www.pulse.vn/wp-content/uploads/2020/06/MDNIM4.jpg]
[www.pulse.vn/wp-content/uploads/2020/06/MNL1-1.jpg]
[www.pulse.vn/case-study-manulife-danang-international-marathon/index.html]
[www.pulse.vn/wp-json/wp/v2/pages/1393.json]
[www.pulse.vn/wp-json/oembed/1.0/embedb432.json]
[www.pulse.vn/wp-json/oembed/1.0/embed9094]
[www.pulse.vn/wp-content/uploads/2020/06/Taiwan-Excellence-101.jpg]
[www.pulse.vn/wp-content/uploads/2020/06/TE-102.jpg]
[www.pulse.vn/case-study-hcmc-marathon-powered-by-taiwan-excellence/index.html]
[www.pulse.vn/index0a18.html]
[www.pulse.vn/index3898.html]
[www.pulse.vn/indexf5a4.html]
[www.pulse.vn/index4c85.html]
[www.pulse.vn/wp-json/wp/v2/posts/649.json]
[www.pulse.vn/wp-json/oembed/1.0/embed1c42.json]
[www.pulse.vn/wp-json/oembed/1.0/embed6403]
[www.pulse.vn/color-me-run-how-did-it-start/index.html]
[www.pulse.vn/wp-json/wp/v2/posts/1.json]
[www.pulse.vn/wp-json/oembed/1.0/embeddaf1.json]
[www.pulse.vn/wp-json/oembed/1.0/embed30f4]
[www.pulse.vn/hcmc-marathon-january-2019/index.html]
[www.pulse.vn/tag/marathon/index.html]
[www.pulse.vn/tag/full-marathon/index.html]
[www.pulse.vn/wp-json/wp/v2/posts/653.json]
[www.pulse.vn/tag/running/index.html]
[www.pulse.vn/wp-json/oembed/1.0/embed53e4.json]
[www.pulse.vn/wp-json/oembed/1.0/embede7ba]
[www.pulse.vn/tiep-noi-truyen-thong-cua-marathon-tp-ho-chi-minh-lan-thu-vi-2019/index.html]
[www.pulse.vn/wp-json/wp/v2/posts/1077.json]
[www.pulse.vn/tag/chay/index.html]
[www.pulse.vn/wp-json/oembed/1.0/embed6302.json]
[www.pulse.vn/wp-json/oembed/1.0/embed3a23]
[www.pulse.vn/wp-content/uploads/2019/12/Hình-KH-10.21.32-AM.jpg]
[www.pulse.vn/2019-national-tourism-year-ends-with-flying-colours/index.html]
[www.pulse.vn/wp-json/wp/v2/posts/917.json]
[www.pulse.vn/wp-json/oembed/1.0/embeddbaf.json]
[www.pulse.vn/wp-json/oembed/1.0/embed3055]
[www.pulse.vn/wp-content/uploads/2019/08/LDF-fan2.jpg]
[www.pulse.vn/wp-content/uploads/2019/08/LDF-fan3.jpg]
[www.pulse.vn/wp-content/uploads/2019/08/NCT.jpg]
[www.pulse.vn/wp-content/uploads/2019/09/IMG_7160cpoy.jpg]
[www.pulse.vn/wp-content/uploads/2019/09/IMG_7153copy.jpg]
[www.pulse.vn/wp-content/uploads/2019/09/sunihl.jpg]
[www.pulse.vn/wp-content/uploads/2019/09/DSC3284copy.jpg]
[www.pulse.vn/wp-content/uploads/2019/09/ericcopy.jpg]
[www.pulse.vn/wp-content/uploads/2019/09/IMG_9166copy.jpg]
[www.pulse.vn/wp-content/uploads/2019/09/IMG_9213copy.jpg]
[www.pulse.vn/wp-content/uploads/2019/09/IMG_7565copy.jpg]
[www.pulse.vn/wp-content/uploads/2019/08/LDF.jpg]
[www.pulse.vn/wp-content/uploads/2019/09/NCT1.jpg]
[www.pulse.vn/wp-content/uploads/2019/08/NCT-DREAM.jpg]
[www.pulse.vn/wp-content/uploads/2019/09/NCTdream1.jpg]
[www.pulse.vn/pulse-active-brings-the-first-of-more-to-come-k-pop-concerts-of-lotte-duty-free-sm-entertainment/index.html]
[www.pulse.vn/wp-json/wp/v2/posts/1034.json]
[www.pulse.vn/wp-json/oembed/1.0/embed2cc5.json]
[www.pulse.vn/wp-json/oembed/1.0/embed7330]
[www.pulse.vn/wp-content/uploads/2019/10/ART3-24.jpg]
[www.pulse.vn/wp-content/uploads/2019/10/ART3-25.jpg]
[www.pulse.vn/wp-content/uploads/2019/10/ART3-23.jpg]
[www.pulse.vn/wp-content/uploads/2019/10/ART3-21.jpg]
[www.pulse.vn/wp-content/uploads/2019/10/ART3-20.jpg]
[www.pulse.vn/wp-content/uploads/2019/10/ART3-18.jpg]
[www.pulse.vn/wp-content/uploads/2019/10/ART3-17.jpg]
[www.pulse.vn/wp-content/uploads/2019/10/ART3-16.jpg]
[www.pulse.vn/wp-content/uploads/2019/10/ART3-15-1.jpg]
[www.pulse.vn/wp-content/uploads/2019/10/ART3-14.jpg]
[www.pulse.vn/wp-content/uploads/2019/10/ART3-13.jpg]
[www.pulse.vn/wp-content/uploads/2019/10/ART3-12.jpg]
[www.pulse.vn/wp-content/uploads/2019/10/ART3-11.jpg]
[www.pulse.vn/wp-content/uploads/2019/10/ART3-10.jpg]
[www.pulse.vn/wp-content/uploads/2019/10/ART3-9.jpg]
[www.pulse.vn/wp-content/uploads/2019/10/ART3-8.jpg]
[www.pulse.vn/wp-content/uploads/2019/10/ART3-7.jpg]
[www.pulse.vn/wp-content/uploads/2019/10/ART3-6.jpg]
[www.pulse.vn/wp-content/uploads/2019/10/ART3-5.jpg]
[www.pulse.vn/wp-content/uploads/2019/10/ART3-4.jpg]
[www.pulse.vn/wp-content/uploads/2019/10/ART3-3.jpg]
[www.pulse.vn/wp-content/uploads/2019/10/ART3-2.jpg]
[www.pulse.vn/wp-content/uploads/2019/10/ART3-1.jpg]
[www.pulse.vn/nhung-nguoi-hung-tham-lang-tao-nen-su-thanh-cong-cua-manulife-danang-international-marathon/index.html]
[www.pulse.vn/wp-json/wp/v2/posts/1028.json]
[www.pulse.vn/wp-json/oembed/1.0/embed3cc3.json]
[www.pulse.vn/wp-json/oembed/1.0/embede809]
[www.pulse.vn/wp-content/uploads/2019/10/article2.jpg]
[www.pulse.vn/manulife-danang-international-marathon-2019-draws-over-9000-runners/index.html]
[www.pulse.vn/wp-json/wp/v2/posts/1018.json]
[www.pulse.vn/wp-json/oembed/1.0/embeda4dd.json]
[www.pulse.vn/wp-json/oembed/1.0/embed75fd]
[www.pulse.vn/wp-content/uploads/2019/10/Article1-4.jpg]
[www.pulse.vn/wp-content/uploads/2019/10/artcle1-3.jpg]
[www.pulse.vn/wp-content/uploads/2019/10/Article1-2.jpg]
[www.pulse.vn/wp-content/uploads/2019/10/article1-1.jpg]
[www.pulse.vn/tai-sao-ngay-cang-nhieu-cong-ty-ep-nhan-vien-tham-gia-cac-giai-chay/index.html]
[www.pulse.vn/wp-json/wp/v2/posts/1528.json]
[www.pulse.vn/wp-json/oembed/1.0/embede42b.json]
[www.pulse.vn/wp-json/oembed/1.0/embedc922]
[cdnmedia.webthethao.vn/uploads/files/mdnim-virtual-run.jpg]
[www.pulse.vn/chay-ao-cung-manulife-danang-international-marathon-quyen-tien-chong-covid-19/index.html]
[www.pulse.vn/wp-json/wp/v2/posts/1511.json]
[www.pulse.vn/wp-json/oembed/1.0/embed65f5.json]
[www.pulse.vn/wp-json/oembed/1.0/embedef18]
[cdn.tuoitre.vn/2020/6/11/dnim2017-311-1-1-1591842425040927338902.jpg]
[www.pulse.vn/giai-marathon-quoc-te-da-nang-2020/index.html]
[www.pulse.vn/wp-json/wp/v2/posts/1532.json]
[www.pulse.vn/wp-json/oembed/1.0/embed6343.json]
[www.pulse.vn/wp-json/oembed/1.0/embed2132]
[znews-photo.zadn.vn/w660/Uploaded/wyhktpu/2020_05_25/image001_2.jpg]
[znews-photo.zadn.vn/w660/Uploaded/wyhktpu/2020_05_25/image003_2.jpg]
[znews-photo.zadn.vn/w660/Uploaded/wyhktpu/2020_05_25/image005_1.jpg]
[www.pulse.vn/kham-pha-da-nang-qua-chay-bo/index.html]
[www.pulse.vn/wp-content/uploads/2020/10/1-1.jpg]
[www.pulse.vn/wp-json/wp/v2/posts/1521.json]
[www.pulse.vn/wp-json/oembed/1.0/embed9b65.json]
[www.pulse.vn/wp-json/oembed/1.0/embede1fd]
[cdn.vnexplorer.net/img/2020/5/6/2712ed36c38fe4a1200a0ad72e5e6a33c619.jpg]
[www.pulse.vn/manulife-danang-international-marathon-to-take-place-in-august/index.html]
[www.pulse.vn/wp-content/uploads/2020/02/hcmc1.jpg]
[www.pulse.vn/wp-json/wp/v2/posts/1198.json]
[www.pulse.vn/wp-json/oembed/1.0/embed5d8a.json]
[www.pulse.vn/wp-json/oembed/1.0/embedd1fe]
[www.pulse.vn/wp-content/uploads/2020/02/start.jpg]
[www.pulse.vn/wp-content/uploads/2020/02/Việt-Nam.jpg]
[www.pulse.vn/wp-content/uploads/2020/02/FR1.jpg]
[www.pulse.vn/wp-content/uploads/2020/02/FR2-1.jpg]
[www.pulse.vn/wp-content/uploads/2020/02/2-FR.jpg]
[www.pulse.vn/wp-content/uploads/2020/02/kid-dash.jpg]
[www.pulse.vn/wp-content/uploads/2020/02/nhom.jpg]
[www.pulse.vn/wp-content/uploads/2020/02/TE.jpg]
[www.pulse.vn/wp-content/uploads/2020/02/minh-hang.jpg]
[www.pulse.vn/wp-content/uploads/2020/02/Bronze.jpg]
[www.pulse.vn/wp-content/uploads/2020/02/bronze2.jpg]
[www.pulse.vn/wp-content/uploads/2020/02/yoga.png]
[www.pulse.vn/wp-content/uploads/2020/02/charity1.jpg]
[www.pulse.vn/wp-content/uploads/2020/02/charity2.jpg]
[www.pulse.vn/wp-content/uploads/2020/02/vlr.jpg]
[www.pulse.vn/wp-content/uploads/2020/02/Award.jpg]
[www.pulse.vn/wp-content/uploads/2020/02/hcmc-video.jpg]
[www.pulse.vn/hcmc-marathon-2020-powered-by-taiwan-excellence-drew-a-new-highlight-to-start-the-new-decade/index.html]
[www.pulse.vn/index3965.html]
[www.pulse.vn/indexe1b1.html]
[www.pulse.vn/wp-json/wp/v2/categories/12.json]
[www.pulse.vn/category/sports/index.html]
[www.pulse.vn/2021/08/index.html]
[www.pulse.vn/2020/08/index.html]
[www.pulse.vn/2020/06/index.html]
[www.pulse.vn/2020/05/index.html]
[www.pulse.vn/2020/02/index.html]
[www.pulse.vn/2020/01/index.html]
[www.pulse.vn/2019/12/index.html]
[www.pulse.vn/2019/08/index.html]
[www.pulse.vn/2019/06/index.html]
[www.pulse.vn/2018/09/index.html]
[www.pulse.vn/2018/08/index.html]
[www.pulse.vn/category/sports/feed/index.html]
[www.pulse.vn/wp-json/wp/v2/categories/13.json]
[www.pulse.vn/category/entertainment/index.html]
[www.pulse.vn/wp-json/wp/v2/categories/15.json]
[www.pulse.vn/category/entertainment/feed/index.html]
[www.pulse.vn/category/international-artists/index.html]
[www.pulse.vn/category/international-artists/feed/index.html]
[www.pulse.vn/wp-json/wp/v2/categories/16.json]
[www.pulse.vn/category/local-artists/index.html]
[www.pulse.vn/wp-json/wp/v2/categories/14.json]
[www.pulse.vn/category/marathon/index.html]
[www.pulse.vn/category/local-artists/feed/index.html]
[www.pulse.vn/wp-json/wp/v2/categories/1.json]
[www.pulse.vn/category/marathon/feed/index.html]
[www.pulse.vn/category/uncategorized/index.html]
[www.pulse.vn/index725b.html]
[www.pulse.vn/indexc90a.html]
[www.pulse.vn/index29f2.html]
[www.pulse.vn/index0228.html]
[www.pulse.vn/index1aa7.html]
[www.pulse.vn/index7b0e.html]
[www.pulse.vn/indexcff1.html]
[www.pulse.vn/wp-json/wp/v2/tags/19.json]
[www.pulse.vn/category/uncategorized/feed/index.html]
[www.pulse.vn/tag/full-marathon/index.html]
[www.pulse.vn/tag/full-marathon/feed/index.html]
[www.pulse.vn/wp-json/wp/v2/tags/17.json]
[www.pulse.vn/tag/marathon/index.html]
[www.pulse.vn/tag/marathon/feed/index.html]
[www.pulse.vn/wp-json/wp/v2/tags/18.json]
[www.pulse.vn/tag/running/index.html]
[www.pulse.vn/index5d49.html]
[www.pulse.vn/wp-json/wp/v2/tags/20.json]
[www.pulse.vn/tag/running/feed/index.html]
[www.pulse.vn/tag/chay/index.html]
[www.pulse.vn/index8146.html]
[www.pulse.vn/index4181.html]
[www.pulse.vn/indexff6b.html]
[www.pulse.vn/indexc921.html]
[www.pulse.vn/indexbd7b.html]
[www.pulse.vn/index26e4.html]
[www.pulse.vn/index071e.html]
[www.pulse.vn/index39ac.html]
[www.pulse.vn/indexbfcf.html]
[www.pulse.vn/index90f2.html]
[www.pulse.vn/tag/chay/feed/index.html]
[www.pulse.vn/wp-json/index.html]
[www.pulse.vn/comments/feed/index.html]
[www.pulse.vn/wp-includes/css/dist/block-library/style.mincfaa.css]
[www.pulse.vn/wp-content/plugins/contact-form-7/images/ajax-loader.gif]
[www.pulse.vn/wp-content/plugins/contact-form-7/includes/css/stylesbb49.css]
[www.pulse.vn/wp-content/plugins/mega-addons-for-visual-composer/css/ihovercfaa.css]
[www.pulse.vn/wp-content/plugins/mega-addons-for-visual-composer/css/stylecfaa.css]
[www.pulse.vn/wp-content/plugins/mega-addons-for-visual-composer/css/font-awesome/webfonts/fa-brands-400.eot]
[www.pulse.vn/wp-content/plugins/mega-addons-for-visual-composer/css/font-awesome/webfonts/fa-brands-400d41d.eot]
[www.pulse.vn/wp-content/plugins/mega-addons-for-visual-composer/css/font-awesome/webfonts/fa-brands-400.woff2]
[www.pulse.vn/wp-content/plugins/mega-addons-for-visual-composer/css/font-awesome/webfonts/fa-brands-400.woff]
[www.pulse.vn/wp-content/plugins/mega-addons-for-visual-composer/css/font-awesome/webfonts/fa-brands-400.ttf]
[www.pulse.vn/wp-content/plugins/mega-addons-for-visual-composer/css/font-awesome/webfonts/fa-brands-400.svg]
[www.pulse.vn/wp-content/plugins/mega-addons-for-visual-composer/css/font-awesome/webfonts/fa-regular-400.eot]
[www.pulse.vn/wp-content/plugins/mega-addons-for-visual-composer/css/font-awesome/webfonts/fa-regular-400d41d.eot]
[www.pulse.vn/wp-content/plugins/mega-addons-for-visual-composer/css/font-awesome/webfonts/fa-regular-400.woff2]
[www.pulse.vn/wp-content/plugins/mega-addons-for-visual-composer/css/font-awesome/webfonts/fa-regular-400.woff]
[www.pulse.vn/wp-content/plugins/mega-addons-for-visual-composer/css/font-awesome/webfonts/fa-regular-400.ttf]
[www.pulse.vn/wp-content/uploads/2021/03/JD_Senior-MKT.pdf]
[www.pulse.vn/wp-content/uploads/2021/07/JD-Senior-Event-Planner.pdf]
[www.pulse.vn/wp-content/plugins/mega-addons-for-visual-composer/css/font-awesome/webfonts/fa-regular-400.svg]
[www.pulse.vn/wp-content/plugins/mega-addons-for-visual-composer/css/font-awesome/webfonts/fa-solid-900.eot]
[www.pulse.vn/wp-content/plugins/mega-addons-for-visual-composer/css/font-awesome/webfonts/fa-solid-900d41d.eot]
[www.pulse.vn/wp-content/plugins/mega-addons-for-visual-composer/css/font-awesome/webfonts/fa-solid-900.woff2]
[www.pulse.vn/wp-content/uploads/2021/12/Internship-program.pdf]
[www.pulse.vn/wp-content/plugins/mega-addons-for-visual-composer/css/font-awesome/webfonts/fa-solid-900.woff]
[www.pulse.vn/wp-content/plugins/mega-addons-for-visual-composer/css/font-awesome/webfonts/fa-solid-900.ttf]
[www.pulse.vn/wp-content/plugins/mega-addons-for-visual-composer/css/font-awesome/css/allcfaa.css]
[www.pulse.vn/wp-content/plugins/mega-addons-for-visual-composer/css/font-awesome/webfonts/fa-solid-900.svg]
[www.pulse.vn/wp-content/plugins/themes1-united-core/plugins/magnific-popup/css/magnific-popupcfaa.css]
[www.pulse.vn/wp-content/plugins/js_composer/assets/lib/bower/font-awesome/fonts/fontawesome-webfont3e6e.eot]
[www.pulse.vn/wp-content/plugins/js_composer/assets/lib/bower/font-awesome/fonts/fontawesome-webfontd41d.eot]
[cdnmedia.webthethao.vn/uploads/files/mdnim-virtual-run.jpg]
[cdn.tuoitre.vn/2020/6/11/dnim2017-311-1-1-1591842425040927338902.jpg]
[znews-photo.zadn.vn/w660/Uploaded/wyhktpu/2020_05_25/image001_2.jpg]
[znews-photo.zadn.vn/w660/Uploaded/wyhktpu/2020_05_25/image003_2.jpg]
[www.pulse.vn/wp-content/plugins/js_composer/assets/lib/bower/font-awesome/fonts/fontawesome-webfont3e6e.woff2]
[znews-photo.zadn.vn/w660/Uploaded/wyhktpu/2020_05_25/image005_1.jpg]
[www.pulse.vn/wp-content/plugins/js_composer/assets/lib/bower/font-awesome/fonts/fontawesome-webfont3e6e.woff]
[www.pulse.vn/wp-content/plugins/js_composer/assets/lib/bower/font-awesome/fonts/fontawesome-webfont3e6e.ttf]
[www.pulse.vn/wp-content/plugins/js_composer/assets/lib/bower/font-awesome/css/font-awesome.min8b06.css]
[www.pulse.vn/category/sports/feed/index.html]
[www.pulse.vn/category/entertainment/feed/index.html]
[www.pulse.vn/wp-content/plugins/tm-timeline/css/tm-timelinec64e.css]
[www.pulse.vn/category/international-artists/feed/index.html]
[www.pulse.vn/category/local-artists/feed/index.html]
[www.pulse.vn/wp-content/themes/united/css/bootstrap/bootstrapcfaa.css]
[www.pulse.vn/wp-content/themes/united/css/bootstrap-select/bootstrap-selectcfaa.css]
[www.pulse.vn/category/marathon/feed/index.html]
[www.pulse.vn/category/uncategorized/feed/index.html]
[www.pulse.vn/wp-content/plugins/js_composer/assets/lib/bower/font-awesome/fonts/fontawesome-webfont3e6e.svg]
[www.pulse.vn/wp-content/plugins/themes1-united-core/plugins/owl-carousel/css/grabbing.png]
[www.pulse.vn/tag/full-marathon/feed/index.html]
[www.pulse.vn/tag/marathon/feed/index.html]
[www.pulse.vn/tag/running/feed/index.html]
[www.pulse.vn/wp-content/plugins/mega-addons-for-visual-composer/css/font-awesome/webfonts/fa-brands-400.eot]
[www.pulse.vn/wp-content/plugins/themes1-united-core/plugins/owl-carousel/css/AjaxLoader.gif]
[www.pulse.vn/wp-content/plugins/themes1-united-core/plugins/owl-carousel/css/owl-themecfaa.css]
[www.pulse.vn/wp-content/plugins/mega-addons-for-visual-composer/css/font-awesome/webfonts/fa-brands-400.woff2]
[www.pulse.vn/wp-content/plugins/mega-addons-for-visual-composer/css/font-awesome/webfonts/fa-brands-400.woff]
[www.pulse.vn/wp-content/plugins/mega-addons-for-visual-composer/css/font-awesome/webfonts/fa-brands-400d41d.eot]
[www.pulse.vn/wp-content/plugins/mega-addons-for-visual-composer/css/font-awesome/webfonts/fa-brands-400.ttf]
[www.pulse.vn/wp-content/themes/united/css/pe-icon-7-stroke/fonts/Pe-icon-7-strokebb1d.eot]
[www.pulse.vn/wp-content/plugins/mega-addons-for-visual-composer/css/font-awesome/webfonts/fa-solid-900.eot]
[www.pulse.vn/wp-content/plugins/mega-addons-for-visual-composer/css/font-awesome/webfonts/fa-solid-900d41d.eot]
[www.pulse.vn/wp-content/plugins/mega-addons-for-visual-composer/css/font-awesome/webfonts/fa-solid-900.woff]
[www.pulse.vn/wp-content/plugins/mega-addons-for-visual-composer/css/font-awesome/webfonts/fa-solid-900.woff2]
[www.pulse.vn/wp-content/themes/united/css/pe-icon-7-stroke/fonts/Pe-icon-7-stroked41d.eot]
[www.pulse.vn/wp-content/plugins/js_composer/assets/lib/bower/font-awesome/fonts/fontawesome-webfont3e6e.woff2]
[www.pulse.vn/wp-content/plugins/js_composer/assets/lib/bower/font-awesome/fonts/fontawesome-webfont3e6e.eot]
[www.pulse.vn/wp-content/plugins/js_composer/assets/lib/bower/font-awesome/fonts/fontawesome-webfontd41d.eot]
[www.pulse.vn/wp-content/plugins/mega-addons-for-visual-composer/css/font-awesome/webfonts/fa-solid-900.ttf]
[www.pulse.vn/wp-content/themes/united/css/pe-icon-7-stroke/fonts/Pe-icon-7-strokebb1d.woff]
[www.pulse.vn/wp-content/themes/united/css/pe-icon-7-stroke/fonts/Pe-icon-7-strokebb1d.ttf]
[www.pulse.vn/wp-content/themes/united/css/pe-icon-7-stroke/css/pe-icon-7-strokecfaa.css]
[www.pulse.vn/wp-content/plugins/js_composer/assets/lib/bower/font-awesome/fonts/fontawesome-webfont3e6e.woff]
[www.pulse.vn/wp-content/themes/united/css/pe-icon-7-stroke/fonts/Pe-icon-7-strokebb1d.svg]
[www.pulse.vn/wp-content/plugins/js_composer/assets/lib/bower/font-awesome/fonts/fontawesome-webfont3e6e.ttf]
[www.pulse.vn/wp-content/themes/united/core/includes/fontawesome/fonts/fontawesome-webfont3e6e.eot]
[www.pulse.vn/wp-content/themes/united/core/includes/fontawesome/fonts/fontawesome-webfontd41d.eot]
[www.pulse.vn/wp-content/themes/united/core/includes/fontawesome/fonts/fontawesome-webfont3e6e.woff2]
[www.pulse.vn/wp-content/themes/united/core/includes/fontawesome/fonts/fontawesome-webfont3e6e.woff]
[www.pulse.vn/wp-content/themes/united/core/includes/fontawesome/css/font-awesome.mincfaa.css]
[www.pulse.vn/wp-content/themes/united/core/includes/simple/fonts/Simple-Line-Icons.eot]
[www.pulse.vn/wp-content/themes/united/core/includes/fontawesome/fonts/fontawesome-webfont3e6e.ttf]
[www.pulse.vn/wp-content/themes/united/core/includes/simple/fonts/Simple-Line-Iconsd41d.eot]
[www.pulse.vn/wp-content/themes/united/core/includes/simple/fonts/Simple-Line-Icons.woff]
[www.pulse.vn/wp-content/themes/united/core/includes/fontawesome/fonts/fontawesome-webfont3e6e.svg]
[www.pulse.vn/wp-content/themes/united/core/includes/simple/fonts/Simple-Line-Icons.ttf]
[www.pulse.vn/wp-content/themes/united/core/includes/simple/fonts/Simple-Line-Icons.svg]
[www.pulse.vn/wp-content/themes/united/core/includes/simple/simple-line-iconscfaa.css]
[www.pulse.vn/wp-content/themes/united/images/content/bg/texture-1.png]
[www.pulse.vn/wp-content/themes/united/css/stylecfaa.css]
[www.pulse.vn/wp-content/themes/united/css/style-responsivecfaa.css]
[www.pulse.vn/wp-content/plugins/js_composer/assets/vc/alert.png]
[www.pulse.vn/wp-content/plugins/js_composer/assets/vc/info.png]
[www.pulse.vn/wp-content/plugins/js_composer/assets/vc/tick.png]
[www.pulse.vn/wp-content/plugins/js_composer/assets/vc/exclamation.png]
[www.pulse.vn/wp-content/plugins/js_composer/assets/images/icons/address-book.png]
[www.pulse.vn/wp-content/plugins/js_composer/assets/images/icons/alarm-clock.png]
[www.pulse.vn/wp-content/plugins/js_composer/assets/images/icons/anchor.png]
[www.pulse.vn/wp-content/plugins/js_composer/assets/images/icons/application-image.png]
[www.pulse.vn/wp-content/plugins/js_composer/assets/images/icons/arrow.png]
[www.pulse.vn/wp-content/plugins/js_composer/assets/images/icons/asterisk.png]
[www.pulse.vn/wp-content/plugins/js_composer/assets/images/icons/auction-hammer.png]
[www.pulse.vn/wp-content/plugins/js_composer/assets/images/icons/balloon.png]
[www.pulse.vn/wp-content/plugins/js_composer/assets/images/icons/balloon-buzz.png]
[www.pulse.vn/wp-content/plugins/js_composer/assets/images/icons/balloon-facebook.png]
[www.pulse.vn/wp-content/plugins/js_composer/assets/images/icons/balloon-twitter.png]
[www.pulse.vn/wp-content/plugins/js_composer/assets/images/icons/battery-full.png]
[www.pulse.vn/wp-content/plugins/js_composer/assets/images/icons/binocular.png]
[www.pulse.vn/wp-content/plugins/js_composer/assets/images/icons/blue-document-excel.png]
[www.pulse.vn/wp-content/plugins/js_composer/assets/images/icons/blue-document-image.png]
[www.pulse.vn/wp-content/plugins/js_composer/assets/images/icons/blue-document-music.png]
[www.pulse.vn/wp-content/plugins/js_composer/assets/images/icons/blue-document-office.png]
[www.pulse.vn/wp-content/plugins/js_composer/assets/images/icons/blue-document-pdf.png]
[www.pulse.vn/wp-content/plugins/js_composer/assets/images/icons/blue-document-powerpoint.png]
[www.pulse.vn/wp-content/plugins/js_composer/assets/images/icons/blue-document-word.png]
[www.pulse.vn/wp-content/plugins/js_composer/assets/images/icons/bookmark.png]
[www.pulse.vn/wp-content/plugins/js_composer/assets/images/icons/camcorder.png]
[www.pulse.vn/wp-content/plugins/js_composer/assets/images/icons/camera.png]
[www.pulse.vn/wp-content/plugins/js_composer/assets/images/icons/chart.png]
[www.pulse.vn/wp-content/plugins/js_composer/assets/images/icons/chart-pie.png]
[www.pulse.vn/wp-content/plugins/js_composer/assets/images/icons/clock.png]
[www.pulse.vn/wp-content/plugins/js_composer/assets/images/icons/control.png]
[www.pulse.vn/wp-content/plugins/js_composer/assets/images/icons/fire.png]
[www.pulse.vn/wp-content/plugins/js_composer/assets/images/icons/heart.png]
[www.pulse.vn/wp-content/plugins/js_composer/assets/images/icons/mail.png]
[www.pulse.vn/wp-content/plugins/js_composer/assets/images/icons/plus-shield.png]
[www.pulse.vn/wp-content/plugins/js_composer/assets/images/icons/video.png]
[www.pulse.vn/wp-content/plugins/js_composer/assets/fonts/vc_icons_v2/fonts/vcpb-plugin-icons01aa.ttf]
[www.pulse.vn/wp-content/plugins/js_composer/assets/fonts/vc_icons_v2/fonts/vcpb-plugin-icons01aa.woff]
[www.pulse.vn/wp-content/plugins/js_composer/assets/fonts/vc_icons_v2/fonts/vcpb-plugin-icons01aa.svg]
[www.pulse.vn/wp-content/plugins/js_composer/assets/images/toggle_open.png]
[www.pulse.vn/wp-content/plugins/js_composer/assets/images/toggle_close.png]
[www.pulse.vn/wp-content/plugins/js_composer/assets/images/flickr.png]
[www.pulse.vn/wp-content/plugins/js_composer/assets/fonts/vc_grid/vc_grid_v157a1.eot]
[www.pulse.vn/wp-content/plugins/js_composer/assets/fonts/vc_grid/vc_grid_v1d41d.eot]
[www.pulse.vn/wp-content/plugins/js_composer/assets/fonts/vc_grid/vc_grid_v157a1.woff]
[www.pulse.vn/wp-content/plugins/js_composer/assets/fonts/vc_grid/vc_grid_v157a1.ttf]
[www.pulse.vn/wp-content/plugins/js_composer/assets/fonts/vc_grid/vc_grid_v157a1.svg]
[www.pulse.vn/wp-content/plugins/js_composer/assets/images/spinner.gif]
[www.pulse.vn/wp-content/plugins/js_composer/assets/vc/remove.png]
[www.pulse.vn/wp-content/plugins/js_composer/assets/css/js_composer.min8b06.css]
[www.pulse.vn/wp-content/plugins/master-slider/public/assets/css/common/loading-2.gif]
[www.pulse.vn/wp-content/plugins/master-slider/public/assets/css/common/grab.png]
[www.pulse.vn/wp-content/plugins/master-slider/public/assets/css/common/grabbing.png]
[www.pulse.vn/wp-content/plugins/master-slider/public/assets/css/common/video-close-btn.png]
[www.pulse.vn/wp-content/plugins/master-slider/public/assets/css/skins/light-skin-1.png]
[www.pulse.vn/wp-content/plugins/master-slider/public/assets/css/skins/light-skin-1-retina.png]
[www.pulse.vn/wp-content/plugins/master-slider/public/assets/css/skins/black-skin-1.png]
[www.pulse.vn/wp-content/plugins/master-slider/public/assets/css/skins/black-skin-1-retina.png]
[www.pulse.vn/wp-content/plugins/master-slider/public/assets/css/skins/minimal.svg]
[www.pulse.vn/wp-content/plugins/master-slider/public/assets/css/skins/black-skin-2.png]
[www.pulse.vn/wp-content/plugins/master-slider/public/assets/css/skins/black-skin-2-retina.png]
[www.pulse.vn/wp-content/plugins/master-slider/public/assets/css/skins/light-skin-2.png]
[www.pulse.vn/wp-content/plugins/master-slider/public/assets/css/skins/light-skin-2-retina.png]
[www.pulse.vn/wp-content/plugins/master-slider/public/assets/css/skins/light-skin-3.png]
[www.pulse.vn/wp-content/plugins/master-slider/public/assets/css/skins/light-skin-3-retina.png]
[www.pulse.vn/wp-content/plugins/master-slider/public/assets/css/skins/light-skin-4.png]
[www.pulse.vn/wp-content/plugins/master-slider/public/assets/css/skins/light-skin-4-retina.png]
[www.pulse.vn/wp-content/plugins/master-slider/public/assets/css/skins/light-skin-5.png]
[www.pulse.vn/wp-content/plugins/master-slider/public/assets/css/skins/light-skin-5-retina.png]
[www.pulse.vn/wp-content/plugins/master-slider/public/assets/css/skins/light-skin-6.png]
[www.pulse.vn/wp-content/plugins/master-slider/public/assets/css/skins/light-skin-6-retina.png]
[www.pulse.vn/wp-content/plugins/master-slider/public/assets/css/skins/metro-skin.png]
[www.pulse.vn/wp-content/plugins/master-slider/public/assets/css/skins/metro-skin-retina.png]
[www.pulse.vn/wp-content/plugins/master-slider/public/assets/css/skins/contrast-skin.png]
[www.pulse.vn/wp-content/plugins/master-slider/public/assets/css/skins/contrast-skin-retina.png]
[www.pulse.vn/wp-content/plugins/master-slider/public/assets/css/masterslider.maina3dd.css]
[www.pulse.vn/wp-content/uploads/master-slider/custom4e44.css]
[www.pulse.vn/wp-content/plugins/smart-slider-3/Public/SmartSlider3/Application/Frontend/Assets/dist/smartslider.min0a14.css]
[www.pulse.vn/wp-includes/js/jquery/jquery.min9d52.js]
[www.pulse.vn/wp-includes/js/jquery/jquery-migrate.mind617.js]
[www.googletagmanager.com/gtm5445.html]
[www.pulse.vn/wp-json/wp/v2/pages/37.json]
[ajax.googleapis.com/ajax/libs/jquery/3.4.1/jquery.min.js]
[www.pulse.vn/wp-content/plugins/smart-slider-3/Public/SmartSlider3/Application/Frontend/Assets/dist/n2.min0a14.js]
[player.vimeo.com/api/player.js]
[www.pulse.vn/wp-content/plugins/smart-slider-3/Public/SmartSlider3/Application/Frontend/Assets/dist/smartslider-frontend.min0a14.js]
[www.pulse.vn/wp-content/plugins/smart-slider-3/Public/SmartSlider3/Slider/SliderType/Simple/Assets/dist/smartslider-simple-type-frontend.min0a14.js]
[www.pulse.vn/wp-content/plugins/smart-slider-3/Public/SmartSlider3/Application/Frontend/Assets/dist/nextend-webfontloader.min0a14.js]
[www.pulse.vn/sponsorship.html]
[www.pulse.vn/salonpas-japanese-pharmaceutical-brand-becomes-title-sponsor-of-hcmc-marathon-for-the-next-3-years-2021-2023-2/index.html]
[www.pulse.vn/ippgroup-challenge-vietnam-won-the-best-overall-race-long-course-by-asiatri/index.html]
[www.pulse.vn/wp-content/plugins/js_composer/assets/lib/vc_carousel/css/vc_carousel.min8b06.css]
[www.pulse.vn/wp-content/plugins/js_composer/assets/lib/prettyphoto/images/prettyPhoto/default/sprite.png]
[www.pulse.vn/wp-content/plugins/js_composer/assets/lib/prettyphoto/images/prettyPhoto/default/sprite_x.png]
[www.pulse.vn/wp-content/plugins/js_composer/assets/lib/prettyphoto/images/prettyPhoto/default/sprite_y.png]
[www.pulse.vn/wp-content/plugins/js_composer/assets/lib/prettyphoto/images/prettyPhoto/default/sprite_next.png]
[www.pulse.vn/wp-content/plugins/js_composer/assets/lib/prettyphoto/images/prettyPhoto/default/sprite_prev.png]
[www.pulse.vn/wp-content/plugins/js_composer/assets/lib/prettyphoto/images/prettyPhoto/default/default_thumb.png]
[www.pulse.vn/wp-content/plugins/js_composer/assets/lib/prettyphoto/images/prettyPhoto/default/loader.gif]
[www.pulse.vn/wp-content/plugins/js_composer/assets/lib/prettyphoto/images/prettyPhoto/light_rounded/sprite.png]
[www.pulse.vn/wp-content/plugins/js_composer/assets/lib/prettyphoto/images/prettyPhoto/light_rounded/btnNext.png]
[www.pulse.vn/wp-content/plugins/js_composer/assets/lib/prettyphoto/images/prettyPhoto/light_rounded/btnPrevious.png]
[www.pulse.vn/wp-content/plugins/js_composer/assets/lib/prettyphoto/images/prettyPhoto/light_rounded/loader.gif]
[www.pulse.vn/wp-content/plugins/js_composer/assets/lib/prettyphoto/images/prettyPhoto/dark_rounded/sprite.png]
[www.pulse.vn/wp-content/plugins/js_composer/assets/lib/prettyphoto/images/prettyPhoto/dark_rounded/contentPattern.png]
[www.pulse.vn/wp-content/plugins/js_composer/assets/lib/prettyphoto/images/prettyPhoto/dark_rounded/btnNext.png]
[www.pulse.vn/wp-content/plugins/js_composer/assets/lib/prettyphoto/images/prettyPhoto/dark_rounded/btnPrevious.png]
[www.pulse.vn/wp-content/plugins/js_composer/assets/lib/prettyphoto/images/prettyPhoto/dark_rounded/loader.gif]
[www.pulse.vn/wp-content/plugins/js_composer/assets/lib/prettyphoto/images/prettyPhoto/dark_square/loader.gif]
[www.pulse.vn/wp-content/plugins/js_composer/assets/lib/prettyphoto/images/prettyPhoto/dark_square/sprite.png]
[www.pulse.vn/wp-content/plugins/js_composer/assets/lib/prettyphoto/images/prettyPhoto/dark_square/btnNext.png]
[www.pulse.vn/wp-content/plugins/js_composer/assets/lib/prettyphoto/images/prettyPhoto/dark_square/btnPrevious.png]
[www.pulse.vn/wp-content/plugins/js_composer/assets/lib/prettyphoto/images/prettyPhoto/light_square/sprite.png]
[www.pulse.vn/wp-content/plugins/js_composer/assets/lib/prettyphoto/images/prettyPhoto/light_square/btnNext.png]
[www.pulse.vn/wp-content/plugins/js_composer/assets/lib/prettyphoto/images/prettyPhoto/light_square/btnPrevious.png]
[www.pulse.vn/wp-content/plugins/js_composer/assets/lib/prettyphoto/images/prettyPhoto/facebook/sprite.png]
[www.pulse.vn/wp-content/plugins/js_composer/assets/lib/prettyphoto/images/prettyPhoto/facebook/contentPatternTop.png]
[www.pulse.vn/wp-content/plugins/js_composer/assets/lib/prettyphoto/images/prettyPhoto/facebook/contentPatternLeft.png]
[www.pulse.vn/wp-content/plugins/js_composer/assets/lib/prettyphoto/images/prettyPhoto/facebook/contentPatternRight.png]
[www.pulse.vn/wp-content/plugins/js_composer/assets/lib/prettyphoto/images/prettyPhoto/facebook/loader.gif]
[www.pulse.vn/wp-content/plugins/js_composer/assets/lib/prettyphoto/images/prettyPhoto/facebook/btnNext.png]
[www.pulse.vn/wp-content/plugins/js_composer/assets/lib/prettyphoto/images/prettyPhoto/facebook/btnPrevious.png]
[www.pulse.vn/wp-content/plugins/js_composer/assets/lib/prettyphoto/images/prettyPhoto/facebook/contentPatternBottom.png]
[www.pulse.vn/wp-content/plugins/js_composer/assets/lib/prettyphoto/images/prettyPhoto/facebook/default_thumbnail.gif]
[www.pulse.vn/wp-content/plugins/js_composer/assets/lib/prettyphoto/css/prettyPhoto.min8b06.css]
[www.pulse.vn/wp-content/plugins/js_composer/assets/lib/bower/animate-css/animate.min8b06.css]
[www.pulse.vn/wp-content/plugins/contact-form-7/includes/js/scriptsbb49.js]
[www.pulse.vn/wp-content/plugins/themes1-united-core/slider/_frontend5152.js]
[www.pulse.vn/wp-includes/js/imagesloaded.mineda1.js]
[www.pulse.vn/wp-content/plugins/themes1-united-core/slider/js/jquery.sliderPro.min5152.js]
[www.pulse.vn/wp-content/plugins/themes1-united-core/plugins/magnific-popup/js/jquery.magnific-popup.min5152.js]
[www.pulse.vn/wp-content/plugins/themes1-united-core/plugins/tilthovereffects/anime.min5152.js]
[www.pulse.vn/wp-content/plugins/themes1-united-core/plugins/revealer/js/scrollMonitor5152.js]
[www.pulse.vn/wp-content/plugins/themes1-united-core/plugins/revealer/js/main5152.js]
[www.pulse.vn/wp-content/plugins/themes1-united-core/plugins/tilthovereffects/main5152.js]
[www.pulse.vn/wp-content/plugins/themes1-united-core/plugins/scrollreveal/js/scrollreveal.min5152.js]
[www.pulse.vn/wp-content/plugins/themes1-united-core/plugins/isotope/js/isotope.pkgd.min5152.js]
[www.pulse.vn/wp-content/plugins/js_composer/assets/lib/waypoints/waypoints.min8b06.js]
[www.pulse.vn/wp-content/plugins/themes1-united-core/plugins/typed5152.js]
[www.pulse.vn/wp-content/plugins/themes1-united-core/plugins/main-functions5152.js]
[www.pulse.vn/wp-includes/js/comment-reply.mincfaa.js]
[www.pulse.vn/wp-includes/js/jquery/ui/core.min35d0.js]
[www.pulse.vn/wp-includes/js/jquery/ui/accordion.min35d0.js]
[www.pulse.vn/wp-includes/js/jquery/ui/tabs.min35d0.js]
[www.pulse.vn/wp-content/themes/united/js/header5152.js]
[www.pulse.vn/wp-content/themes/united/js/bootstrap/bootstrap5152.js]
[www.pulse.vn/wp-content/plugins/themes1-united-core/plugins/owl-carousel/js/owl.carousel5152.js]
[www.pulse.vn/wp-content/themes/united/js/bootstrap-select/bootstrap-select5152.js]
[www.pulse.vn/wp-content/themes/united/js/functions5152.js]
[www.pulse.vn/wp-includes/js/wp-embed.mincfaa.js]
[apis.google.com/js/plusone.js]
[www.pulse.vn/wp-content/plugins/js_composer/assets/js/dist/js_composer_front.min8b06.js]
[www.pulse.vn/wp-content/plugins/themes1-united-core/plugins/rendro-easy-pie-chart/jquery.easypiechart.min5152.js]
[www.pulse.vn/wp-content/plugins/js_composer/assets/lib/vc_carousel/js/transition.min8b06.js]
[www.pulse.vn/wp-content/plugins/js_composer/assets/lib/vc_carousel/js/vc_carousel.min8b06.js]
[www.pulse.vn/wp-content/plugins/js_composer/assets/lib/prettyphoto/js/jquery.prettyPhoto.min8b06.js]
[assets.pinterest.com/js/pinit.js]
[www.pulse.vn/indexec4a.html]
[www.pulse.vn/wp-json/oembed/1.0/embed5aed]
[www.pulse.vn/case-study-manulife-danang-international-marathon/index.html]
[www.pulse.vn/case-study-hcmc-marathon-powered-by-taiwan-excellence/index.html]
[www.pulse.vn/wp-content/plugins/js_composer/assets/lib/owl-carousel2-dist/assets/owl.video.play.png]
[www.pulse.vn/wp-content/plugins/js_composer/assets/lib/owl-carousel2-dist/assets/owl.min8b06.css]
[www.pulse.vn/wp-content/plugins/js_composer/assets/lib/bower/masonry/dist/masonry.pkgd.min8b06.js]
[www.pulse.vn/wp-content/plugins/js_composer/assets/lib/owl-carousel2-dist/owl.carousel.min8b06.js]
[www.pulse.vn/wp-content/plugins/js_composer/assets/lib/bower/imagesloaded/imagesloaded.pkgd.mincfaa.js]
[www.pulse.vn/wp-includes/js/underscore.min4511.js]
[www.pulse.vn/wp-content/plugins/js_composer/assets/js/dist/vc_grid.min8b06.js]
[www.pulse.vn/wp-content/plugins/js_composer/assets/lib/bower/skrollr/dist/skrollr.min8b06.js]
[www.pulse.vn/color-me-run-how-did-it-start/index.html]
[www.pulse.vn/tiep-noi-truyen-thong-cua-marathon-tp-ho-chi-minh-lan-thu-vi-2019/index.html]
[www.pulse.vn/2019-national-tourism-year-ends-with-flying-colours/index.html]
[www.pulse.vn/pulse-active-brings-the-first-of-more-to-come-k-pop-concerts-of-lotte-duty-free-sm-entertainment/index.html]
[www.pulse.vn/nhung-nguoi-hung-tham-lang-tao-nen-su-thanh-cong-cua-manulife-danang-international-marathon/index.html]
[www.pulse.vn/manulife-danang-international-marathon-2019-draws-over-9000-runners/index.html]
[www.pulse.vn/tai-sao-ngay-cang-nhieu-cong-ty-ep-nhan-vien-tham-gia-cac-giai-chay/index.html]
[www.pulse.vn/giai-marathon-quoc-te-da-nang-2020/index.html]
[www.pulse.vn/hcmc-marathon-2020-powered-by-taiwan-excellence-drew-a-new-highlight-to-start-the-new-decade/index.html]
[www.pulse.vn/wp-json/wp/v2/pages/21.json]
[www.pulse.vn/wp-json/wp/v2/pages/1367.json]
[www.pulse.vn/wp-json/wp/v2/pages/1393.json]
[www.pulse.vn/wp-json/wp/v2/posts/649.json]
[www.pulse.vn/wp-json/wp/v2/posts/917.json]
[www.pulse.vn/wp-json/wp/v2/posts/1511.json]
[www.pulse.vn/wp-json/wp/v2/posts/1532.json]
[www.pulse.vn/wp-json/wp/v2/posts/1521.json]
[www.pulse.vn/wp-content/uploads/2020/02/TE2.html]
[www.pulse.vn/wp-json/wp/v2/posts/1198.json]
[www.pulse.vn/wp-json/wp/v2/categories/12.json]
[www.pulse.vn/wp-json/wp/v2/categories/13.json]
[www.pulse.vn/wp-json/wp/v2/categories/15.json]
[www.pulse.vn/wp-json/wp/v2/categories/16.json]
[www.pulse.vn/wp-json/wp/v2/categories/14.json]
[www.pulse.vn/wp-json/wp/v2/categories/1.json]
[www.pulse.vn/wp-json/wp/v2/tags/19.json]
[www.pulse.vn/wp-content/plugins/mega-addons-for-visual-composer/css/font-awesome/webfonts/fa-brands-400.svg]
[www.pulse.vn/wp-content/plugins/mega-addons-for-visual-composer/css/font-awesome/webfonts/fa-regular-400.svg]
[www.pulse.vn/wp-content/plugins/mega-addons-for-visual-composer/css/font-awesome/webfonts/fa-solid-900.svg]
[www.pulse.vn/wp-content/plugins/js_composer/assets/lib/bower/font-awesome/fonts/fontawesome-webfont3e6e.svg]
[www.pulse.vn/wp-content/themes/united/css/pe-icon-7-stroke/fonts/Pe-icon-7-strokebb1d.svg]
[www.pulse.vn/wp-content/themes/united/core/includes/fontawesome/fonts/fontawesome-webfont3e6e.svg]
[www.pulse.vn/wp-content/themes/united/core/includes/simple/fonts/Simple-Line-Icons.svg]
[www.pulse.vn/wp-content/themes/united/css/images/loading.html]
[www.pulse.vn/wp-content/themes/img/section-1-demo.html]
[www.pulse.vn/wp-content/themes/united/css/images/openhand.html]
[www.pulse.vn/wp-content/themes/united/css/images/closedhand.html]
[www.pulse.vn/wp-content/plugins/js_composer/assets/fonts/vc_icons_v2/fonts/vcpb-plugin-icons01aa.svg]
[www.pulse.vn/wp-content/plugins/js_composer/assets/fonts/vc_grid/vc_grid_v157a1.svg]
[www.pulse.vn/wp-content/plugins/master-slider/public/assets/css/skins/minimal.svg]
[www.pulse.vn/Trident/index.html]
[www.pulse.vn/slidebar-1.html]
[www.pulse.vn/Popover requires tooltip.html]
[www.pulse.vn/youtu.be/index.html]
[www.pulse.vn/partnership/GET.html]
[www.pulse.vn/wp-json/wp/v2/tags/17.json]
[www.pulse.vn/wp-json/wp/v2/tags/18.json]
[a.vimeocdn.com/js/froogaloop2.min.html]
